// Jest Snapshot v1, https://goo.gl/fbAQLP

exports[`Check if the component renders correctly 1`] = `
<div
  className="dragon-list-container"
  data-testid="dragon-list-container"
>
  <ul
    className="dragon-list"
  />
</div>
`;
